[LOG] System::create                           : Header version = 2.02.22. Current version = 2.02.22.
[LOG] Manager::init                            : maxchannels = 256 studioflags = 00000006 flags 00000000 extradriverdata 0000000000000000.
[LOG] SystemI::init                            : Initialize version=20222 (142841), maxchannels=256, flags=0x00020000
[LOG] SystemI::setOutputInternal               : Setting output to 'FMOD WASAPI Output'
[LOG] OutputWASAPI::init                       : Mix Format (WAVEFORMATEX): wFormatTag=0xFFFE, nChannels=2, nSamplesPerSec=48000, nAvgBytesPerSec=384000, nBlockAlign=8, wBitsPerSample=32, cbSize=22.
[LOG] OutputWASAPI::init                       : Mix Format (WAVEFORMATEXTENSIBLE): wValidBitsPerSample=32, dwChannelMask=0x00000003, SubFormat=00000003-0000-0010-8000-00AA00389B71.
[LOG] OutputWASAPI::init                       : Output buffer size: 4096 samples, latency: 0.00ms, period: 10.00ms, DSP buffer: 1024 * 4
[LOG] Thread::initThread                       : Init FMOD stream thread. Affinity: 0x4000000000000003, Priority: 0xFFFF7FFB, Stack Size: 98304, Semaphore: No, Sleep Time: 10, Looping: Yes.
[LOG] Thread::initThread                       : Init FMOD mixer thread. Affinity: 0x4000000000000001, Priority: 0xFFFF7FFA, Stack Size: 81920, Semaphore: No, Sleep Time: 0, Looping: Yes.
[LOG] AsyncManager::init                       : manager 00000285EDCF8CF8 isAsync 0 updatePeriod 0.02
[LOG] AsyncManager::init                       : done
[LOG] PlaybackSystem::init                     : 
[LOG] Thread::initThread                       : Init FMOD Studio sample load thread. Affinity: 0x4000000000000003, Priority: 0xFFFF7FFD, Stack Size: 98304, Semaphore: No, Sleep Time: 1, Looping: No.
[LOG] PlaybackSystem::init                     : done
[LOG] Thread::initThread                       : Init FMOD Studio bank load thread. Affinity: 0x4000000000000003, Priority: 0xFFFF7FFD, Stack Size: 98304, Semaphore: No, Sleep Time: 1, Looping: No.
[LOG] Manager::init                            : done.
[LOG] Manager::readBank                        : fileversion = 142, compatVersion = 140 (oldest = 44, newest = 142)
[LOG] Manager::readBank                        : fileversion = 142, compatVersion = 140 (oldest = 44, newest = 142)
[LOG] Manager::readBank                        : fileversion = 142, compatVersion = 140 (oldest = 44, newest = 142)
[LOG] Manager::readBank                        : fileversion = 142, compatVersion = 140 (oldest = 44, newest = 142)
[LOG] Manager::readBank                        : fileversion = 142, compatVersion = 140 (oldest = 44, newest = 142)
[LOG] PlaybackSystem::acquireMasterBus         : Setting master channel group format to 6
[LOG] Manager::readBank                        : fileversion = 142, compatVersion = 140 (oldest = 44, newest = 142)
[LOG] Manager::readBank                        : fileversion = 142, compatVersion = 140 (oldest = 44, newest = 142)
[LOG] SystemI::createSoundInternal             : Create name='', mode=0x02000202
[LOG] SystemI::createSoundInternal             : exinfo->cbsize             = 224
[LOG] SystemI::createSoundInternal             : exinfo->length             = 846208
[LOG] SystemI::createSoundInternal             : exinfo->fileoffset         = 63392
[LOG] SystemI::createSoundInternal             : exinfo->numsubsounds       = 1
[LOG] SystemI::createSoundInternal             : exinfo->inclusionlist      = 000000A90A4EF248
[LOG] SystemI::createSoundInternal             : exinfo->inclusionlistnum   = 1
[LOG] SystemI::createSoundInternal             : exinfo->suggestedsoundtype = 5
[LOG] SystemI::createSoundInternal             : exinfo->useropen           = 00007FFD86424130
[LOG] SystemI::createSoundInternal             : exinfo->userclose          = 00007FFD864240F0
[LOG] SystemI::createSoundInternal             : exinfo->userread           = 00007FFD86424210
[LOG] SystemI::createSoundInternal             : exinfo->userseek           = 00007FFD864242D0
[LOG] SystemI::createSoundInternal             : exinfo->fileuserdata       = 000002857A0EA3C8
[LOG] SystemI::createSoundInternal             : exinfo->initialseekpostype = 1
[LOG] SystemI::DSPCodecPoolRegister            : register codec pool for pool type 5
[LOG] SystemI::createSoundInternal             : Sample 0/1: name='BlackBoard_Single_v9_wav', format=5, channels=2, frequency=48000, lengthbytes=3424, lengthpcm=15001, pcmblocksize=0, loopstart=0, loopend=0, mode=0x00000000, channelmask=0x00000000, channelorder=0, peakvolume=0.999969.
[LOG] SystemI::createSoundInternal             : Create name='', mode=0x02000202
[LOG] SystemI::createSoundInternal             : exinfo->cbsize             = 224
[LOG] SystemI::createSoundInternal             : exinfo->length             = 846208
[LOG] SystemI::createSoundInternal             : exinfo->fileoffset         = 63392
[LOG] SystemI::createSoundInternal             : exinfo->numsubsounds       = 1
[LOG] SystemI::createSoundInternal             : exinfo->inclusionlist      = 000000A90A4EF248
[LOG] SystemI::createSoundInternal             : exinfo->inclusionlistnum   = 1
[LOG] SystemI::createSoundInternal             : exinfo->suggestedsoundtype = 5
[LOG] SystemI::createSoundInternal             : exinfo->useropen           = 00007FFD86424130
[LOG] SystemI::createSoundInternal             : exinfo->userclose          = 00007FFD864240F0
[LOG] SystemI::createSoundInternal             : exinfo->userread           = 00007FFD86424210
[LOG] SystemI::createSoundInternal             : exinfo->userseek           = 00007FFD864242D0
[LOG] SystemI::createSoundInternal             : exinfo->fileuserdata       = 000002857A0EA3C8
[LOG] SystemI::createSoundInternal             : exinfo->initialseekpostype = 1
[LOG] SystemI::DSPCodecPoolRegister            : register codec pool for pool type 5
[LOG] SystemI::createSoundInternal             : Sample 0/1: name='Prueba sonidos Underneath_13#03.7', format=5, channels=1, frequency=48000, lengthbytes=5600, lengthpcm=30000, pcmblocksize=0, loopstart=0, loopend=0, mode=0x00000000, channelmask=0x00000000, channelorder=0, peakvolume=0.032981.
[LOG] SystemI::createSoundInternal             : Create name='', mode=0x02000202
[LOG] SystemI::createSoundInternal             : exinfo->cbsize             = 224
[LOG] SystemI::createSoundInternal             : exinfo->length             = 846208
[LOG] SystemI::createSoundInternal             : exinfo->fileoffset         = 63392
[LOG] SystemI::createSoundInternal             : exinfo->numsubsounds       = 1
[LOG] SystemI::createSoundInternal             : exinfo->inclusionlist      = 000000A90A4EF248
[LOG] SystemI::createSoundInternal             : exinfo->inclusionlistnum   = 1
[LOG] SystemI::createSoundInternal             : exinfo->suggestedsoundtype = 5
[LOG] SystemI::createSoundInternal             : exinfo->useropen           = 00007FFD86424130
[LOG] SystemI::createSoundInternal             : exinfo->userclose          = 00007FFD864240F0
[LOG] SystemI::createSoundInternal             : exinfo->userread           = 00007FFD86424210
[LOG] SystemI::createSoundInternal             : exinfo->userseek           = 00007FFD864242D0
[LOG] SystemI::createSoundInternal             : exinfo->fileuserdata       = 000002857A0EA3C8
[LOG] SystemI::createSoundInternal             : exinfo->initialseekpostype = 1
[LOG] SystemI::DSPCodecPoolRegister            : register codec pool for pool type 5
[LOG] SystemI::createSoundInternal             : Sample 0/1: name='Prueba sonidos Underneath_13#03.13', format=5, channels=1, frequency=48000, lengthbytes=4576, lengthpcm=24000, pcmblocksize=0, loopstart=0, loopend=0, mode=0x00000000, channelmask=0x00000000, channelorder=0, peakvolume=0.084324.
[LOG] SystemI::createSoundInternal             : Create name='', mode=0x02000202
[LOG] SystemI::createSoundInternal             : exinfo->cbsize             = 224
[LOG] SystemI::createSoundInternal             : exinfo->length             = 846208
[LOG] SystemI::createSoundInternal             : exinfo->fileoffset         = 63392
[LOG] SystemI::createSoundInternal             : exinfo->numsubsounds       = 1
[LOG] SystemI::createSoundInternal             : exinfo->inclusionlist      = 000000A90A4EF248
[LOG] SystemI::createSoundInternal             : exinfo->inclusionlistnum   = 1
[LOG] SystemI::createSoundInternal             : exinfo->suggestedsoundtype = 5
[LOG] SystemI::createSoundInternal             : exinfo->useropen           = 00007FFD86424130
[LOG] SystemI::createSoundInternal             : exinfo->userclose          = 00007FFD864240F0
[LOG] SystemI::createSoundInternal             : exinfo->userread           = 00007FFD86424210
[LOG] SystemI::createSoundInternal             : exinfo->userseek           = 00007FFD864242D0
[LOG] SystemI::createSoundInternal             : exinfo->fileuserdata       = 000002857A0EA3C8
[LOG] SystemI::createSoundInternal             : exinfo->initialseekpostype = 1
[LOG] SystemI::DSPCodecPoolRegister            : register codec pool for pool type 5
[LOG] SystemI::createSoundInternal             : Sample 0/1: name='BlackBoard_Single_v3_wav', format=5, channels=2, frequency=48000, lengthbytes=4128, lengthpcm=18000, pcmblocksize=0, loopstart=0, loopend=0, mode=0x00000000, channelmask=0x00000000, channelorder=0, peakvolume=0.999969.
[LOG] SystemI::createSoundInternal             : Create name='', mode=0x02000202
[LOG] SystemI::createSoundInternal             : exinfo->cbsize             = 224
[LOG] SystemI::createSoundInternal             : exinfo->length             = 846208
[LOG] SystemI::createSoundInternal             : exinfo->fileoffset         = 63392
[LOG] SystemI::createSoundInternal             : exinfo->numsubsounds       = 1
[LOG] SystemI::createSoundInternal             : exinfo->inclusionlist      = 000000A90A4EF248
[LOG] SystemI::createSoundInternal             : exinfo->inclusionlistnum   = 1
[LOG] SystemI::createSoundInternal             : exinfo->suggestedsoundtype = 5
[LOG] SystemI::createSoundInternal             : exinfo->useropen           = 00007FFD86424130
[LOG] SystemI::createSoundInternal             : exinfo->userclose          = 00007FFD864240F0
[LOG] SystemI::createSoundInternal             : exinfo->userread           = 00007FFD86424210
[LOG] SystemI::createSoundInternal             : exinfo->userseek           = 00007FFD864242D0
[LOG] SystemI::createSoundInternal             : exinfo->fileuserdata       = 000002857A0EA3C8
[LOG] SystemI::createSoundInternal             : exinfo->initialseekpostype = 1
[LOG] SystemI::DSPCodecPoolRegister            : register codec pool for pool type 5
[LOG] SystemI::createSoundInternal             : Sample 0/1: name='BlackBoard_Single_v4_wav', format=5, channels=2, frequency=48000, lengthbytes=5280, lengthpcm=24000, pcmblocksize=0, loopstart=0, loopend=0, mode=0x00000000, channelmask=0x00000000, channelorder=0, peakvolume=0.487640.
[LOG] SystemI::createSoundInternal             : Create name='', mode=0x02000202
[LOG] SystemI::createSoundInternal             : exinfo->cbsize             = 224
[LOG] SystemI::createSoundInternal             : exinfo->length             = 846208
[LOG] SystemI::createSoundInternal             : exinfo->fileoffset         = 63392
[LOG] SystemI::createSoundInternal             : exinfo->numsubsounds       = 1
[LOG] SystemI::createSoundInternal             : exinfo->inclusionlist      = 000000A90A4EF248
[LOG] SystemI::createSoundInternal             : exinfo->inclusionlistnum   = 1
[LOG] SystemI::createSoundInternal             : exinfo->suggestedsoundtype = 5
[LOG] SystemI::createSoundInternal             : exinfo->useropen           = 00007FFD86424130
[LOG] SystemI::createSoundInternal             : exinfo->userclose          = 00007FFD864240F0
[LOG] SystemI::createSoundInternal             : exinfo->userread           = 00007FFD86424210
[LOG] SystemI::createSoundInternal             : exinfo->userseek           = 00007FFD864242D0
[LOG] SystemI::createSoundInternal             : exinfo->fileuserdata       = 000002857A0EA3C8
[LOG] SystemI::createSoundInternal             : exinfo->initialseekpostype = 1
[LOG] SystemI::DSPCodecPoolRegister            : register codec pool for pool type 5
[LOG] SystemI::createSoundInternal             : Sample 0/1: name='Prueba sonidos Underneath_13#03.23', format=5, channels=1, frequency=48000, lengthbytes=2400, lengthpcm=12000, pcmblocksize=0, loopstart=0, loopend=0, mode=0x00000000, channelmask=0x00000000, channelorder=0, peakvolume=0.040799.
[LOG] SystemI::createSoundInternal             : Create name='', mode=0x02000202
[LOG] SystemI::createSoundInternal             : exinfo->cbsize             = 224
[LOG] SystemI::createSoundInternal             : exinfo->length             = 846208
[LOG] SystemI::createSoundInternal             : exinfo->fileoffset         = 63392
[LOG] SystemI::createSoundInternal             : exinfo->numsubsounds       = 1
[LOG] SystemI::createSoundInternal             : exinfo->inclusionlist      = 000000A90A4EF248
[LOG] SystemI::createSoundInternal             : exinfo->inclusionlistnum   = 1
[LOG] SystemI::createSoundInternal             : exinfo->suggestedsoundtype = 5
[LOG] SystemI::createSoundInternal             : exinfo->useropen           = 00007FFD86424130
[LOG] SystemI::createSoundInternal             : exinfo->userclose          = 00007FFD864240F0
[LOG] SystemI::createSoundInternal             : exinfo->userread           = 00007FFD86424210
[LOG] SystemI::createSoundInternal             : exinfo->userseek           = 00007FFD864242D0
[LOG] SystemI::createSoundInternal             : exinfo->fileuserdata       = 000002857A0EA3C8
[LOG] SystemI::createSoundInternal             : exinfo->initialseekpostype = 1
[LOG] SystemI::DSPCodecPoolRegister            : register codec pool for pool type 5
[LOG] SystemI::createSoundInternal             : Sample 0/1: name='Prueba sonidos Underneath_13#03.14', format=5, channels=1, frequency=48000, lengthbytes=5088, lengthpcm=28000, pcmblocksize=0, loopstart=0, loopend=0, mode=0x00000000, channelmask=0x00000000, channelorder=0, peakvolume=0.066998.
[LOG] SystemI::createSoundInternal             : Create name='', mode=0x02000202
[LOG] SystemI::createSoundInternal             : exinfo->cbsize             = 224
[LOG] SystemI::createSoundInternal             : exinfo->length             = 846208
[LOG] SystemI::createSoundInternal             : exinfo->fileoffset         = 63392
[LOG] SystemI::createSoundInternal             : exinfo->numsubsounds       = 1
[LOG] SystemI::createSoundInternal             : exinfo->inclusionlist      = 000000A90A4EF248
[LOG] SystemI::createSoundInternal             : exinfo->inclusionlistnum   = 1
[LOG] SystemI::createSoundInternal             : exinfo->suggestedsoundtype = 5
[LOG] SystemI::createSoundInternal             : exinfo->useropen           = 00007FFD86424130
[LOG] SystemI::createSoundInternal             : exinfo->userclose          = 00007FFD864240F0
[LOG] SystemI::createSoundInternal             : exinfo->userread           = 00007FFD86424210
[LOG] SystemI::createSoundInternal             : exinfo->userseek           = 00007FFD864242D0
[LOG] SystemI::createSoundInternal             : exinfo->fileuserdata       = 000002857A0EA3C8
[LOG] SystemI::createSoundInternal             : exinfo->initialseekpostype = 1
[LOG] SystemI::DSPCodecPoolRegister            : register codec pool for pool type 5
[LOG] SystemI::createSoundInternal             : Sample 0/1: name='BlackBoard_Single_v7_wav', format=5, channels=2, frequency=48000, lengthbytes=3936, lengthpcm=18000, pcmblocksize=0, loopstart=0, loopend=0, mode=0x00000000, channelmask=0x00000000, channelorder=0, peakvolume=0.999969.
[LOG] SystemI::createSoundInternal             : Create name='', mode=0x02000202
[LOG] SystemI::createSoundInternal             : exinfo->cbsize             = 224
[LOG] SystemI::createSoundInternal             : exinfo->length             = 846208
[LOG] SystemI::createSoundInternal             : exinfo->fileoffset         = 63392
[LOG] SystemI::createSoundInternal             : exinfo->numsubsounds       = 1
[LOG] SystemI::createSoundInternal             : exinfo->inclusionlist      = 000000A90A4EF248
[LOG] SystemI::createSoundInternal             : exinfo->inclusionlistnum   = 1
[LOG] SystemI::createSoundInternal             : exinfo->suggestedsoundtype = 5
[LOG] SystemI::createSoundInternal             : exinfo->useropen           = 00007FFD86424130
[LOG] SystemI::createSoundInternal             : exinfo->userclose          = 00007FFD864240F0
[LOG] SystemI::createSoundInternal             : exinfo->userread           = 00007FFD86424210
[LOG] SystemI::createSoundInternal             : exinfo->userseek           = 00007FFD864242D0
[LOG] SystemI::createSoundInternal             : exinfo->fileuserdata       = 000002857A0EA3C8
[LOG] SystemI::createSoundInternal             : exinfo->initialseekpostype = 1
[LOG] SystemI::DSPCodecPoolRegister            : register codec pool for pool type 5
[LOG] SystemI::createSoundInternal             : Sample 0/1: name='Prueba sonidos Underneath_13#03.31', format=5, channels=1, frequency=48000, lengthbytes=3712, lengthpcm=18000, pcmblocksize=0, loopstart=0, loopend=0, mode=0x00000000, channelmask=0x00000000, channelorder=0, peakvolume=0.040399.
[LOG] SystemI::createSoundInternal             : Create name='', mode=0x02000202
[LOG] SystemI::createSoundInternal             : exinfo->cbsize             = 224
[LOG] SystemI::createSoundInternal             : exinfo->length             = 846208
[LOG] SystemI::createSoundInternal             : exinfo->fileoffset         = 63392
[LOG] SystemI::createSoundInternal             : exinfo->numsubsounds       = 1
[LOG] SystemI::createSoundInternal             : exinfo->inclusionlist      = 000000A90A4EF248
[LOG] SystemI::createSoundInternal             : exinfo->inclusionlistnum   = 1
[LOG] SystemI::createSoundInternal             : exinfo->suggestedsoundtype = 5
[LOG] SystemI::createSoundInternal             : exinfo->useropen           = 00007FFD86424130
[LOG] SystemI::createSoundInternal             : exinfo->userclose          = 00007FFD864240F0
[LOG] SystemI::createSoundInternal             : exinfo->userread           = 00007FFD86424210
[LOG] SystemI::createSoundInternal             : exinfo->userseek           = 00007FFD864242D0
[LOG] SystemI::createSoundInternal             : exinfo->fileuserdata       = 000002857A0EA3C8
[LOG] SystemI::createSoundInternal             : exinfo->initialseekpostype = 1
[LOG] SystemI::DSPCodecPoolRegister            : register codec pool for pool type 5
[LOG] SystemI::createSoundInternal             : Sample 0/1: name='Prueba sonidos Underneath_13#03.36', format=5, channels=1, frequency=48000, lengthbytes=5664, lengthpcm=30000, pcmblocksize=0, loopstart=0, loopend=0, mode=0x00000000, channelmask=0x00000000, channelorder=0, peakvolume=0.033797.
[LOG] SystemI::createSoundInternal             : Create name='', mode=0x02000202
[LOG] SystemI::createSoundInternal             : exinfo->cbsize             = 224
[LOG] SystemI::createSoundInternal             : exinfo->length             = 846208
[LOG] SystemI::createSoundInternal             : exinfo->fileoffset         = 63392
[LOG] SystemI::createSoundInternal             : exinfo->numsubsounds       = 1
[LOG] SystemI::createSoundInternal             : exinfo->inclusionlist      = 000000A90A4EF248
[LOG] SystemI::createSoundInternal             : exinfo->inclusionlistnum   = 1
[LOG] SystemI::createSoundInternal             : exinfo->suggestedsoundtype = 5
[LOG] SystemI::createSoundInternal             : exinfo->useropen           = 00007FFD86424130
[LOG] SystemI::createSoundInternal             : exinfo->userclose          = 00007FFD864240F0
[LOG] SystemI::createSoundInternal             : exinfo->userread           = 00007FFD86424210
[LOG] SystemI::createSoundInternal             : exinfo->userseek           = 00007FFD864242D0
[LOG] SystemI::createSoundInternal             : exinfo->fileuserdata       = 000002857A0EA3C8
[LOG] SystemI::createSoundInternal             : exinfo->initialseekpostype = 1
[LOG] SystemI::DSPCodecPoolRegister            : register codec pool for pool type 5
[LOG] SystemI::createSoundInternal             : Sample 0/1: name='Prueba sonidos Underneath_13#03.34', format=5, channels=1, frequency=48000, lengthbytes=2944, lengthpcm=15000, pcmblocksize=0, loopstart=0, loopend=0, mode=0x00000000, channelmask=0x00000000, channelorder=0, peakvolume=0.077070.
[LOG] SystemI::createSoundInternal             : Create name='', mode=0x02000202
[LOG] SystemI::createSoundInternal             : exinfo->cbsize             = 224
[LOG] SystemI::createSoundInternal             : exinfo->length             = 846208
[LOG] SystemI::createSoundInternal             : exinfo->fileoffset         = 63392
[LOG] SystemI::createSoundInternal             : exinfo->numsubsounds       = 1
[LOG] SystemI::createSoundInternal             : exinfo->inclusionlist      = 000000A90A4EF248
[LOG] SystemI::createSoundInternal             : exinfo->inclusionlistnum   = 1
[LOG] SystemI::createSoundInternal             : exinfo->suggestedsoundtype = 5
[LOG] SystemI::createSoundInternal             : exinfo->useropen           = 00007FFD86424130
[LOG] SystemI::createSoundInternal             : exinfo->userclose          = 00007FFD864240F0
[LOG] SystemI::createSoundInternal             : exinfo->userread           = 00007FFD86424210
[LOG] SystemI::createSoundInternal             : exinfo->userseek           = 00007FFD864242D0
[LOG] SystemI::createSoundInternal             : exinfo->fileuserdata       = 000002857A0EA3C8
[LOG] SystemI::createSoundInternal             : exinfo->initialseekpostype = 1
[LOG] SystemI::DSPCodecPoolRegister            : register codec pool for pool type 5
[LOG] SystemI::createSoundInternal             : Sample 0/1: name='Prueba sonidos Underneath_13#03.5', format=5, channels=1, frequency=48000, lengthbytes=4544, lengthpcm=24000, pcmblocksize=0, loopstart=0, loopend=0, mode=0x00000000, channelmask=0x00000000, channelorder=0, peakvolume=0.034250.
[LOG] SystemI::createSoundInternal             : Create name='', mode=0x02000202
[LOG] SystemI::createSoundInternal             : exinfo->cbsize             = 224
[LOG] SystemI::createSoundInternal             : exinfo->length             = 846208
[LOG] SystemI::createSoundInternal             : exinfo->fileoffset         = 63392
[LOG] SystemI::createSoundInternal             : exinfo->numsubsounds       = 1
[LOG] SystemI::createSoundInternal             : exinfo->inclusionlist      = 000000A90A4EF248
[LOG] SystemI::createSoundInternal             : exinfo->inclusionlistnum   = 1
[LOG] SystemI::createSoundInternal             : exinfo->suggestedsoundtype = 5
[LOG] SystemI::createSoundInternal             : exinfo->useropen           = 00007FFD86424130
[LOG] SystemI::createSoundInternal             : exinfo->userclose          = 00007FFD864240F0
[LOG] SystemI::createSoundInternal             : exinfo->userread           = 00007FFD86424210
[LOG] SystemI::createSoundInternal             : exinfo->userseek           = 00007FFD864242D0
[LOG] SystemI::createSoundInternal             : exinfo->fileuserdata       = 000002857A0EA3C8
[LOG] SystemI::createSoundInternal             : exinfo->initialseekpostype = 1
[LOG] SystemI::DSPCodecPoolRegister            : register codec pool for pool type 5
[LOG] SystemI::createSoundInternal             : Sample 0/1: name='BlackBoard_Single_v10_wav', format=5, channels=2, frequency=48000, lengthbytes=2464, lengthpcm=10501, pcmblocksize=0, loopstart=0, loopend=0, mode=0x00000000, channelmask=0x00000000, channelorder=0, peakvolume=0.999969.
[LOG] SystemI::createSoundInternal             : Create name='', mode=0x02000202
[LOG] SystemI::createSoundInternal             : exinfo->cbsize             = 224
[LOG] SystemI::createSoundInternal             : exinfo->length             = 846208
[LOG] SystemI::createSoundInternal             : exinfo->fileoffset         = 63392
[LOG] SystemI::createSoundInternal             : exinfo->numsubsounds       = 1
[LOG] SystemI::createSoundInternal             : exinfo->inclusionlist      = 000000A90A4EF248
[LOG] SystemI::createSoundInternal             : exinfo->inclusionlistnum   = 1
[LOG] SystemI::createSoundInternal             : exinfo->suggestedsoundtype = 5
[LOG] SystemI::createSoundInternal             : exinfo->useropen           = 00007FFD86424130
[LOG] SystemI::createSoundInternal             : exinfo->userclose          = 00007FFD864240F0
[LOG] SystemI::createSoundInternal             : exinfo->userread           = 00007FFD86424210
[LOG] SystemI::createSoundInternal             : exinfo->userseek           = 00007FFD864242D0
[LOG] SystemI::createSoundInternal             : exinfo->fileuserdata       = 000002857A0EA3C8
[LOG] SystemI::createSoundInternal             : exinfo->initialseekpostype = 1
[LOG] SystemI::DSPCodecPoolRegister            : register codec pool for pool type 5
[LOG] SystemI::createSoundInternal             : Sample 0/1: name='BlackBoard_Single_v5_wav', format=5, channels=2, frequency=48000, lengthbytes=2752, lengthpcm=12000, pcmblocksize=0, loopstart=0, loopend=0, mode=0x00000000, channelmask=0x00000000, channelorder=0, peakvolume=0.999969.
[LOG] SystemI::createSoundInternal             : Create name='', mode=0x02000202
[LOG] SystemI::createSoundInternal             : exinfo->cbsize             = 224
[LOG] SystemI::createSoundInternal             : exinfo->length             = 846208
[LOG] SystemI::createSoundInternal             : exinfo->fileoffset         = 63392
[LOG] SystemI::createSoundInternal             : exinfo->numsubsounds       = 1
[LOG] SystemI::createSoundInternal             : exinfo->inclusionlist      = 000000A90A4EF248
[LOG] SystemI::createSoundInternal             : exinfo->inclusionlistnum   = 1
[LOG] SystemI::createSoundInternal             : exinfo->suggestedsoundtype = 5
[LOG] SystemI::createSoundInternal             : exinfo->useropen           = 00007FFD86424130
[LOG] SystemI::createSoundInternal             : exinfo->userclose          = 00007FFD864240F0
[LOG] SystemI::createSoundInternal             : exinfo->userread           = 00007FFD86424210
[LOG] SystemI::createSoundInternal             : exinfo->userseek           = 00007FFD864242D0
[LOG] SystemI::createSoundInternal             : exinfo->fileuserdata       = 000002857A0EA3C8
[LOG] SystemI::createSoundInternal             : exinfo->initialseekpostype = 1
[LOG] SystemI::DSPCodecPoolRegister            : register codec pool for pool type 5
[LOG] SystemI::createSoundInternal             : Sample 0/1: name='BlackBoard_Single_v6_wav', format=5, channels=2, frequency=48000, lengthbytes=3488, lengthpcm=15001, pcmblocksize=0, loopstart=0, loopend=0, mode=0x00000000, channelmask=0x00000000, channelorder=0, peakvolume=0.999969.
[LOG] SystemI::createSoundInternal             : Create name='', mode=0x02000202
[LOG] SystemI::createSoundInternal             : exinfo->cbsize             = 224
[LOG] SystemI::createSoundInternal             : exinfo->length             = 846208
[LOG] SystemI::createSoundInternal             : exinfo->fileoffset         = 63392
[LOG] SystemI::createSoundInternal             : exinfo->numsubsounds       = 1
[LOG] SystemI::createSoundInternal             : exinfo->inclusionlist      = 000000A90A4EF248
[LOG] SystemI::createSoundInternal             : exinfo->inclusionlistnum   = 1
[LOG] SystemI::createSoundInternal             : exinfo->suggestedsoundtype = 5
[LOG] SystemI::createSoundInternal             : exinfo->useropen           = 00007FFD86424130
[LOG] SystemI::createSoundInternal             : exinfo->userclose          = 00007FFD864240F0
[LOG] SystemI::createSoundInternal             : exinfo->userread           = 00007FFD86424210
[LOG] SystemI::createSoundInternal             : exinfo->userseek           = 00007FFD864242D0
[LOG] SystemI::createSoundInternal             : exinfo->fileuserdata       = 000002857A0EA3C8
[LOG] SystemI::createSoundInternal             : exinfo->initialseekpostype = 1
[LOG] SystemI::DSPCodecPoolRegister            : register codec pool for pool type 5
[LOG] SystemI::createSoundInternal             : Sample 0/1: name='BlackBoard_Single_v1_wav', format=5, channels=2, frequency=48000, lengthbytes=1664, lengthpcm=6000, pcmblocksize=0, loopstart=0, loopend=0, mode=0x00000000, channelmask=0x00000000, channelorder=0, peakvolume=0.898315.
[LOG] SystemI::createSoundInternal             : Create name='', mode=0x02000202
[LOG] SystemI::createSoundInternal             : exinfo->cbsize             = 224
[LOG] SystemI::createSoundInternal             : exinfo->length             = 846208
[LOG] SystemI::createSoundInternal             : exinfo->fileoffset         = 63392
[LOG] SystemI::createSoundInternal             : exinfo->numsubsounds       = 1
[LOG] SystemI::createSoundInternal             : exinfo->inclusionlist      = 000000A90A4EF248
[LOG] SystemI::createSoundInternal             : exinfo->inclusionlistnum   = 1
[LOG] SystemI::createSoundInternal             : exinfo->suggestedsoundtype = 5
[LOG] SystemI::createSoundInternal             : exinfo->useropen           = 00007FFD86424130
[LOG] SystemI::createSoundInternal             : exinfo->userclose          = 00007FFD864240F0
[LOG] SystemI::createSoundInternal             : exinfo->userread           = 00007FFD86424210
[LOG] SystemI::createSoundInternal             : exinfo->userseek           = 00007FFD864242D0
[LOG] SystemI::createSoundInternal             : exinfo->fileuserdata       = 000002857A0EA3C8
[LOG] SystemI::createSoundInternal             : exinfo->initialseekpostype = 1
[LOG] SystemI::DSPCodecPoolRegister            : register codec pool for pool type 5
[LOG] SystemI::createSoundInternal             : Sample 0/1: name='Prueba sonidos Underneath_13#03.19', format=5, channels=1, frequency=48000, lengthbytes=2912, lengthpcm=15000, pcmblocksize=0, loopstart=0, loopend=0, mode=0x00000000, channelmask=0x00000000, channelorder=0, peakvolume=0.059315.
[LOG] SystemI::createSoundInternal             : Create name='', mode=0x02000202
[LOG] SystemI::createSoundInternal             : exinfo->cbsize             = 224
[LOG] SystemI::createSoundInternal             : exinfo->length             = 846208
[LOG] SystemI::createSoundInternal             : exinfo->fileoffset         = 63392
[LOG] SystemI::createSoundInternal             : exinfo->numsubsounds       = 1
[LOG] SystemI::createSoundInternal             : exinfo->inclusionlist      = 000000A90A4EF248
[LOG] SystemI::createSoundInternal             : exinfo->inclusionlistnum   = 1
[LOG] SystemI::createSoundInternal             : exinfo->suggestedsoundtype = 5
[LOG] SystemI::createSoundInternal             : exinfo->useropen           = 00007FFD86424130
[LOG] SystemI::createSoundInternal             : exinfo->userclose          = 00007FFD864240F0
[LOG] SystemI::createSoundInternal             : exinfo->userread           = 00007FFD86424210
[LOG] SystemI::createSoundInternal             : exinfo->userseek           = 00007FFD864242D0
[LOG] SystemI::createSoundInternal             : exinfo->fileuserdata       = 000002857A0EA3C8
[LOG] SystemI::createSoundInternal             : exinfo->initialseekpostype = 1
[LOG] SystemI::DSPCodecPoolRegister            : register codec pool for pool type 5
[LOG] SystemI::createSoundInternal             : Sample 0/1: name='BlackBoard_Single_v2_wav', format=5, channels=2, frequency=48000, lengthbytes=1440, lengthpcm=6000, pcmblocksize=0, loopstart=0, loopend=0, mode=0x00000000, channelmask=0x00000000, channelorder=0, peakvolume=0.999939.
[LOG] SystemI::createSoundInternal             : Create name='', mode=0x02000202
[LOG] SystemI::createSoundInternal             : exinfo->cbsize             = 224
[LOG] SystemI::createSoundInternal             : exinfo->length             = 846208
[LOG] SystemI::createSoundInternal             : exinfo->fileoffset         = 63392
[LOG] SystemI::createSoundInternal             : exinfo->numsubsounds       = 1
[LOG] SystemI::createSoundInternal             : exinfo->inclusionlist      = 000000A90A4EF248
[LOG] SystemI::createSoundInternal             : exinfo->inclusionlistnum   = 1
[LOG] SystemI::createSoundInternal             : exinfo->suggestedsoundtype = 5
[LOG] SystemI::createSoundInternal             : exinfo->useropen           = 00007FFD86424130
[LOG] SystemI::createSoundInternal             : exinfo->userclose          = 00007FFD864240F0
[LOG] SystemI::createSoundInternal             : exinfo->userread           = 00007FFD86424210
[LOG] SystemI::createSoundInternal             : exinfo->userseek           = 00007FFD864242D0
[LOG] SystemI::createSoundInternal             : exinfo->fileuserdata       = 000002857A0EA3C8
[LOG] SystemI::createSoundInternal             : exinfo->initialseekpostype = 1
[LOG] SystemI::DSPCodecPoolRegister            : register codec pool for pool type 5
[LOG] SystemI::createSoundInternal             : Sample 0/1: name='BlackBoard_Single_v8_wav', format=5, channels=2, frequency=48000, lengthbytes=4384, lengthpcm=19500, pcmblocksize=0, loopstart=0, loopend=0, mode=0x00000000, channelmask=0x00000000, channelorder=0, peakvolume=0.999969.
[LOG] SoundI::release                          :  (0000028660C39308)
[LOG] SoundI::release                          :     BlackBoard_Single_v10_wav (00000285B3BCDD28)
[LOG] SoundI::release                          :  (0000028660C377B8)
[LOG] SoundI::release                          :     BlackBoard_Single_v1_wav (00000285B3BCE068)
[LOG] SoundI::release                          :  (0000028660C38A68)
[LOG] SoundI::release                          :     BlackBoard_Single_v2_wav (00000285B3BCE6E8)
[LOG] SoundI::release                          :  (0000028660C381C8)
[LOG] SoundI::release                          :     BlackBoard_Single_v3_wav (00000285B3BCD028)
[LOG] SoundI::release                          :  (0000028660C374D8)
[LOG] SoundI::release                          :     BlackBoard_Single_v4_wav (00000285B3BCA2A8)
[LOG] SoundI::release                          :  (0000028660C3B868)
[LOG] SoundI::release                          :     BlackBoard_Single_v5_wav (00000285B3BCEBC8)
[LOG] SoundI::release                          :  (0000028660C38338)
[LOG] SoundI::release                          :     BlackBoard_Single_v6_wav (00000285B3BCDEC8)
[LOG] SoundI::release                          :  (0000028660C39478)
[LOG] SoundI::release                          :     BlackBoard_Single_v7_wav (00000285B3BCB7C8)
[LOG] SoundI::release                          :  (0000028660C3B9D8)
[LOG] SoundI::release                          :     BlackBoard_Single_v8_wav (00000285B3BCEA28)
[LOG] SoundI::release                          :  (0000028660C3B138)
[LOG] SoundI::release                          :     BlackBoard_Single_v9_wav (00000285B3BCD6A8)
[LOG] SoundI::release                          :  (0000028660C39028)
[LOG] SoundI::release                          :     Prueba sonidos Underneath_13#03.13 (00000285B3BCD368)
[LOG] SoundI::release                          :  (0000028660C3A898)
[LOG] SoundI::release                          :     Prueba sonidos Underneath_13#03.14 (00000285B3BCD848)
[LOG] SoundI::release                          :  (0000028660C3AA08)
[LOG] SoundI::release                          :     Prueba sonidos Underneath_13#03.19 (00000285B3BCE3A8)
[LOG] SoundI::release                          :  (0000028660C3B6F8)
[LOG] SoundI::release                          :     Prueba sonidos Underneath_13#03.23 (00000285B3BCB628)
[LOG] SoundI::release                          :  (0000028660C39D18)
[LOG] SoundI::release                          :     Prueba sonidos Underneath_13#03.31 (00000285B3BCC9A8)
[LOG] SoundI::release                          :  (0000028660C37648)
[LOG] SoundI::release                          :     Prueba sonidos Underneath_13#03.34 (00000285B3BCCE88)
[LOG] SoundI::release                          :  (0000028660C39198)
[LOG] SoundI::release                          :     Prueba sonidos Underneath_13#03.36 (00000285B3BCA108)
[LOG] SoundI::release                          :  (0000028660C37EE8)
[LOG] SoundI::release                          :     Prueba sonidos Underneath_13#03.5 (00000285B3BCDB88)
[LOG] SoundI::release                          :  (0000028660C3B588)
[LOG] SoundI::release                          :     Prueba sonidos Underneath_13#03.7 (00000285B3BCAAC8)
[LOG] Thread::callback                         : FMOD Studio bank load thread finished.
[LOG] Thread::callback                         : FMOD Studio sample load thread finished.
[LOG] LiveUpdate::release                      : 
[LOG] LiveUpdate::reset                        : Reset connection (reason Disconnected)
[LOG] Thread::callback                         : FMOD stream thread finished.
[LOG] Thread::callback                         : FMOD mixer thread finished.
[LOG] SystemI::close                           : Closed.
